<?xml version="1.0"?>
<top>
  <just>grand</just>
  <fish>fish</fish>
  <trout>trout</trout>
  <a>
    <number>10</number>
    <number>11</number>
    <number>12</number>
    <number>13</number>
    <number>14</number>
    <number>15</number>
  </a>
  <b>20</b>
  <number>1</number>
  <number>2</number>
  <number>3</number>
  <number>4</number>
  <number>5</number>
  <finale>ta da</finale>
</top>
