<?xml version="1.0"?>
<top>
  <fido/>
  <message>We are in heaven now.</message>
  <this>this thing</this>
</top>
