<?xml version="1.0"?>
<top>
  <line>Miss Lucy had a baby</line>
  <line>They named it Tiny Tim</line>
  <line>They put it in the bathtub</line>
  <line>To see if it could swim</line>
</top>
