<?xml version="1.0"?>
<hello>puff-the-magic-dragon</hello>
