<?xml version="1.0"?>
<top>
  <count1>1</count1>
  <count1>4</count1>
  <count2>1</count2>
  <count2>2</count2>
  <countr>1</countr>
  <countr>2</countr>
</top>
