<?xml version="1.0"?>
<foo>
  <goo>
    <moo>test</moo>
  </goo>
  <boo>
    <coo>test</coo>
  </boo>
</foo>
