<?xml version="1.0"?>
<top>
  <not/>
  <answer>11</answer>
  <answer>true</answer>
</top>
