<!DOCTYPE html PUBLIC "string" "string">
<doc xmlns:axsl="http://www.w3.org/1999/XSL/Transform"><mumble><two>002</two><three>0</three></mumble><doc test10="onehand" test12="anotherhand" hand="This is 'one'">heaven
  fish
  This is 'one'
  This is 'two'
  10
  12
  hand
  yup
  fish
  trout
  this thing
  that thing
  10000

  
    phil
    45
    It worked!!
  

  
    raleigh
    nc
    27614
    1312
  

  7.1R1.4

  yes

</doc><name></name><one></one><two></two><a></a><b></b><thing></thing><test></test><fish></fish><trout></trout><this></this><that></that><mtu></mtu><results></results><location></location><version></version><_name></_name></doc>
