<?xml version="1.0"?>
<hello>Invalid host-name:: puff-the-magic-dragon ()</hello>
