<?xml version="1.0"?>
<top xmlns:my="http://my.example.com/my">
  <that>one</that>
  <your>was</your>
  <new>black</new>
</top>
