<?xml version="1.0"?>
<top>
  <!--Added by user test on now-->
</top>
