<?xml version="1.0"?>
<top xmlns:a="http://example.com/4" xmlns="http://example.com/global" xmlns:c="http://example.com/3" xmlns:b="http://example.com/2"/>
