<?xml version="1.0"?>
<top>
  <up>1</up>
  <up>2</up>
  <up>3</up>
  <up>4</up>
  <up>5</up>
  <up>6</up>
  <up>7</up>
  <up>8</up>
  <up>9</up>
  <up>10</up>
  <down>10</down>
  <down>9</down>
  <down>8</down>
  <down>7</down>
  <down>6</down>
  <down>5</down>
  <down>4</down>
  <down>3</down>
  <down>2</down>
  <down>1</down>
  <up>4</up>
  <up>5</up>
  <up>6</up>
  <up>7</up>
  <up>8</up>
  <down>8</down>
  <down>7</down>
  <down>6</down>
  <down>5</down>
  <down>4</down>
</top>
