<?xml version="1.0"?>
<top>
  <e1 a1="before{during}after-{x}-two"/>
  <e2 a1="before-two"/>
</top>
