<?xml version="1.0"?>

  fish
  This is 'one'
  This is 'two'
  10
  12
  hand
  yup
  fish
  trout
  this thing
  that thing
  10000

  
    phil
    45
    It worked!!
  

  
    raleigh
    nc
    27614
    1312
  

  7.1R1.4

  Hmmmm


