<?xml version="1.0" standalone="yes"?>
<op-script-results/>
