<?xml version="1.0"?>
<out>
  <a>abc</a>
  <b>
    <b>bee</b>
    <c>sea</c>
    <d>dee</d>
  </b>
  <main>
    <x1/>
    <x>
      <error>
        <line>1</line>
        <message>fake</message>
      </error>
      <error>
        <line>2</line>
        <message>fake</message>
      </error>
      <error>
        <line>3</line>
        <message>fake</message>
      </error>
      <error>
        <line>4</line>
        <message>fake</message>
      </error>
      <error>
        <line>5</line>
        <message>fake</message>
      </error>
      <error>
        <line>6</line>
        <message>fake</message>
      </error>
      <error>
        <line>7</line>
        <message>fake</message>
      </error>
      <error>
        <line>8</line>
        <message>fake</message>
      </error>
      <error>
        <line>10</line>
        <message>fake</message>
      </error>
      <error>
        <line>11</line>
        <message>fake</message>
      </error>
      <error>
        <line>12</line>
        <message>fake</message>
      </error>
      <error>
        <line>13</line>
        <message>fake</message>
      </error>
      <error>
        <line>15</line>
        <message>fake</message>
      </error>
      <error>
        <line>16</line>
        <message>fake</message>
      </error>
      <error>
        <line>17</line>
        <message>fake</message>
      </error>
      <error>
        <line>18</line>
        <message>fake</message>
      </error>
    </x>
    <y>
      <error>
        <line>10</line>
        <message>fake</message>
      </error>
      <error>
        <line>11</line>
        <message>fake</message>
      </error>
      <error>
        <line>12</line>
        <message>fake</message>
      </error>
      <error>
        <line>13</line>
        <message>fake</message>
      </error>
      <error>
        <line>15</line>
        <message>fake</message>
      </error>
      <error>
        <line>16</line>
        <message>fake</message>
      </error>
      <error>
        <line>17</line>
        <message>fake</message>
      </error>
      <error>
        <line>18</line>
        <message>fake</message>
      </error>
      <error>
        <line>1</line>
        <message>fake</message>
      </error>
      <error>
        <line>2</line>
        <message>fake</message>
      </error>
      <error>
        <line>3</line>
        <message>fake</message>
      </error>
      <error>
        <line>4</line>
        <message>fake</message>
      </error>
      <error>
        <line>5</line>
        <message>fake</message>
      </error>
      <error>
        <line>6</line>
        <message>fake</message>
      </error>
      <error>
        <line>7</line>
        <message>fake</message>
      </error>
      <error>
        <line>8</line>
        <message>fake</message>
      </error>
      <error>
        <line>10</line>
        <message>fake</message>
      </error>
      <error>
        <line>11</line>
        <message>fake</message>
      </error>
      <error>
        <line>12</line>
        <message>fake</message>
      </error>
      <error>
        <line>13</line>
        <message>fake</message>
      </error>
      <error>
        <line>15</line>
        <message>fake</message>
      </error>
      <error>
        <line>16</line>
        <message>fake</message>
      </error>
      <error>
        <line>17</line>
        <message>fake</message>
      </error>
      <error>
        <line>18</line>
        <message>fake</message>
      </error>
    </y>
  </main>
</out>
