<?xml version="1.0"?>
<top>
  <simple>if</simple>
  <mtu>10000</mtu>
</top>
