<?xml version="1.0"?>
<top>
  <one/>
  <two>
    <three/>
    <four/>
    <five>
      <six/>
    </five>
  </two>
</top>
