<?xml version="1.0"?>
<out>
  <bit-set>
    <a1>10001</a1>
    <a2>11000</a2>
    <a3>110000</a3>
    <a4>100010000</a4>
  </bit-set>
  <bit-clear>
    <a1>11110</a1>
    <a2>10111</a2>
    <a3>011111</a3>
    <a4>000011111</a4>
  </bit-clear>
  <bit-compare>
    <a1>-1</a1>
    <a2>1</a2>
    <a3>1</a3>
    <a4>0</a4>
    <a5>1</a5>
    <a6>-1</a6>
    <a7>1</a7>
  </bit-compare>
  <bit-and>
    <a1>00</a1>
    <a2>100100</a2>
    <a3>0000100</a3>
    <a4>00001111</a4>
    <a5>0000111</a5>
    <a6>0000101</a6>
    <a7>0010101</a7>
    <a8>100001000</a8>
    <a9>010111</a9>
    <a10>00000000111111</a10>
  </bit-and>
  <bit-or>
    <a1>11</a1>
    <a2>101101</a2>
    <a3>1010111</a3>
    <a4>11111111</a4>
    <a5>1111111</a5>
    <a6>1111111</a6>
    <a7>1111111</a7>
    <a8>100001001</a8>
    <a9>111111</a9>
    <a10>10011101111111</a10>
  </bit-or>
  <bit-mask>
    <a1>0</a1>
    <a2>1</a2>
    <a3>1111</a3>
    <a4>00001111</a4>
    <a5>00000000000000000000000011111111</a5>
    <a6>1111111111</a6>
    <a7>111</a7>
    <a8>1111111</a8>
    <a9>0000111</a9>
    <a10>1111000</a10>
  </bit-mask>
  <ops>
    <a1>21</a1>
    <a2>1111111111111111</a2>
    <a3>0000001111</a3>
    <a4>0x15</a4>
    <a5>1101000101</a5>
  </ops>
</out>
