<?xml version="1.0"?>
<out>
  <one>
    <res>
      <test>
        <one>1</one>
      </test>
    </res>
    <r2>
      <a>
        <b>
          <c>
            <test>
              <one>1</one>
            </test>
          </c>
        </b>
      </a>
    </r2>
  </one>
  <two>
    <ores>&lt;test&gt;
  &lt;one&gt;1&lt;/one&gt;
&lt;/test&gt;</ores>
    <or2>&lt;a&gt;
  &lt;b&gt;
    &lt;c&gt;
      &lt;test&gt;
        &lt;one&gt;1&lt;/one&gt;
      &lt;/test&gt;
    &lt;/c&gt;
  &lt;/b&gt;
&lt;/a&gt;</or2>
  </two>
  <three>
    <xres>
      <test>
  <one>1</one>
</test>
    </xres>
    <xr2>
      <a>
  <b>
    <c>
      <test>
        <one>1</one>
      </test>
    </c>
  </b>
</a>
    </xr2>
  </three>
</out>
