<?xml version="1.0"?>
<top>
  <a>1</a>
  <b>2</b>
  <c/>
  <d>3</d>
  <e/>
  <f>A</f>
</top>
