<?xml version="1.0"?>
<top>
  <text></text>
  <text>line one</text>
  <text>line two</text>
  <text>line three</text>
  <text>line four</text>
  <text>line five</text>
  <text>se-ix</text>
  <text>se-ven</text>
  <text>eh-it</text>
  <text>ny-en</text>
  <text>te-en</text>
  <text>el-e-ven</text>
  <text>twiel-ve</text>
  <text>t'ir-teeen</text>
  <text>four-teen</text>
  <text>fift-teen</text>
  <text>se-ix-teen</text>
  <this></this>
  <this>line one</this>
  <this>line two</this>
  <this>line three</this>
  <this>line four</this>
  <this>line five</this>
  <this>se-ix</this>
  <this>se-ven</this>
  <this>eh-it</this>
  <this>ny-en</this>
  <this>te-en</this>
  <this>el-e-ven</this>
  <this>twiel-ve</this>
  <this>t'ir-teeen</this>
  <this>four-teen</this>
  <this>fift-teen</this>
  <this>se-ix-teen</this>
</top>
