<?xml version="1.0"?>
<op-script-results>
  <output>1.2</output>
  <output>10.2</output>
  <output>100.1</output>
  <output>100.2</output>
  <output>1000.2</output>
  <output>100.1500000000000057</output>
  <output>100.1499999999999915</output>
  <output>100.1500000000000057</output>
</op-script-results>
