<?xml version="1.0"?>
<top>
  <one>7.1R1.4</one>
  <two>7</two>
</top>
