pi [xml] [version="1.0"]
comment [# normal
# trim
# trim ignore-ws ignore-dtd
# trim ignore-ws ignore-dtd unescape] []
comment [comment] []
dtd [DOCTYPE] [greeting [
  <!ELEMENT greeting (#PCDATA)>
]]
open tag [top] []
open tag [test] [xmlns="test.one" xmlns:two="test.two" xmlns:three="test.three"]
empty tag [thing1] []
empty tag [two:thing2] []
empty tag [three:thing3] []
close tag [test] []
open tag [refinfo] [refid="A91910" xmlns="test.org" xmlns:foo="foo.org"]
open tag [authors] [x="1" y="2" z="albatross"]
open tag [author] [a1="v1" a2="v2" a3="v3"]
data [Kagawa, N.]
close tag [author] []
open tag [author] [this="dropped"]
data [Mihara, K.]
close tag [author] []
open tag [author] [also="this"]
data [Sato, R.]
close tag [author] []
close tag [authors] []
open tag [citation] []
data [J. Biochem.]
close tag [citation] []
open tag [volume] []
data [101]
close tag [volume] []
open tag [year] []
data [1987]
close tag [year] []
open tag [pages] []
data [1471-1479]
close tag [pages] []
open tag [title] []
data [Structural analysis of the gene encoding human 3beta-hydroxysteroid dehydrogenase/Delta(5-&gt;4)-isomerase.]
close tag [title] []
open tag [xrefs] []
open tag [xref] []
open tag [db] []
data [MUID]
close tag [db] []
open tag [uid] []
data [88032911]
close tag [uid] []
close tag [xref] []
close tag [xrefs] []
close tag [refinfo] []
cdata [this is <no> longer <ignored>]
open tag [hazard] []
data [This &amp; that is &gt;the&lt; end]
close tag [hazard] []
open tag [hazard] []
data [&amp;at start and end&quot;]
close tag [hazard] []
open tag [hazard] []
data [&lt;&gt;at start and end&lt;&gt;]
close tag [hazard] []
open tag [second] []
open tag [z] []
data [1]
close tag [z] []
open tag [a] []
data [eh]
close tag [a] []
open tag [b] []
data [bee]
close tag [b] []
open tag [c] []
data [sea]
close tag [c] []
open tag [d] []
data [dee]
close tag [d] []
close tag [second] []
open tag [province] [id='f0_17462'
       name='Hainaut'
       country='f0_162'
       capital='f0_2345'
       population='1283252'
       area='3787']
open tag [city] [id='f0_2335'
         country='f0_162'
         province='f0_17462']
open tag [name] []
data [Charleroi]
close tag [name] []
open tag [population] [year='95']
data [206491]
close tag [population] []
close tag [city] []
open tag [city] [id='f0_2345'
         country='f0_162'
         province='f0_17462'
         longitude='3.6'
         latitude='50.3']
open tag [name] []
data [Mons]
close tag [name] []
open tag [population] [year='87']
data [90720]
close tag [population] []
close tag [city] []
close tag [province] []
close tag [top] []
