<?xml version="1.0"?>
<top xmlns:my="http://my.example.com"/>
