<?xml version="1.0"?>
<root>
  test: no value
  test2: no value</root>
